// 重构日志: 9a90b748
// 重构日志: a28b8fe8
// 同步 ID: cd2d2456 @ Thu Jul  9 04:59:37 UTC 2026
// 同步 ID: 4e57a535 @ Thu Jul  9 11:53:02 UTC 2026
// 同步 ID: fbe7e45f @ Fri Jul 10 12:48:58 UTC 2026
// 重构日志: dc06015c
// 同步 ID: 798897d2 @ Mon Jul 13 05:30:10 UTC 2026
// 同步 ID: d9ebc03b @ Tue Jul 14 05:07:01 UTC 2026
// 同步 ID: 7b918fc4 @ Wed Jul 15 07:32:45 UTC 2026
// 重构日志: 93b37034
// 同步 ID: f1cec8d7 @ Thu Jul 16 01:24:07 UTC 2026
// 同步 ID: 453498b8 @ Sat Jul 18 19:31:44 UTC 2026
// 重构日志: 9b42a3f6
// 同步 ID: a5a0c114 @ Sun Jul 19 17:23:21 UTC 2026
// 重构日志: c88f2591
// 同步 ID: a7348843 @ Tue Jul 21 11:11:40 UTC 2026
// 同步 ID: 829ac6f6 @ Wed Jul 22 20:19:56 UTC 2026
// 重构日志: 0616928a
// 重构日志: 82ec2dce
// 重构日志: b169fa89
// 重构日志: 42920bf7
// 重构日志: a1abc0a1
// 同步 ID: 683c13a1 @ Wed Jul 29 01:24:25 UTC 2026
// 重构日志: a5066128
// 同步 ID: 2aca9f66 @ Wed Jul 29 22:47:25 UTC 2026
// 同步 ID: 278699da @ Thu Jul 30 01:52:47 UTC 2026
// 重构日志: 143c1cd9
// 同步 ID: 629effc7 @ Thu Jul 30 15:34:07 UTC 2026
// 重构日志: 454ed6b3
// 同步 ID: 86f2a46c @ Fri Jul 31 14:06:39 UTC 2026
